68 arquivos, 4 processos simultaneos, timeout 900s
[1/68] ok  tests/test_backup_restore_e2e.py (31.1s rc=0)
[2/68] ok  tests/test_conversas_admin_role.py (34.2s rc=0)
[3/68] ok  tests/test_ai_tool_hardening.py (100.7s rc=0)
[4/68] ok  tests/test_conversas_agent_silence.py (35.5s rc=0)
[5/68] ok  tests/test_auth_session_consistency.py (102.7s rc=0)
[6/68] ok  tests/test_conversas_assignment_notes.py (36.3s rc=0)
[7/68] ok  tests/test_conversas_audio.py (36.6s rc=0)
[8/68] ok  tests/test_conversas_agent_timeout.py (47.9s rc=0)
[9/68] ok  tests/test_conversas_auth_hardening.py (37.5s rc=0)
[10/68] ok  tests/test_conversas_auth_local.py (36.3s rc=0)
[11/68] ok  tests/test_conversas_hotfix_filters_resp.py (40.0s rc=0)
[12/68] ok  tests/test_auth_hardening.py (198.7s rc=0)
[13/68] ok  tests/test_conversas_media_foundation.py (38.6s rc=0)
[14/68] ok  tests/test_conversas_inbox_filters.py (40.2s rc=0)
[15/68] ok  tests/test_conversas_media_storage.py (49.4s rc=0)
[16/68] ok  tests/test_conversas_media_types.py (41.6s rc=0)
[17/68] ok  tests/test_conversas_mobile_pwa.py (30.4s rc=0)
[18/68] ok  tests/test_conversas_mobile_responsive_refinement.py (31.8s rc=0)
[19/68] ok  tests/test_conversas_notifications.py (33.8s rc=0)
[20/68] ok  tests/test_conversas_outbound.py (36.3s rc=0)
[21/68] ok  tests/test_conversas_operational_state.py (56.8s rc=0)
[22/68] ok  tests/test_conversas_security.py (0.3s rc=0)
[23/68] ok  tests/test_conversas_outbound_integrity.py (54.5s rc=0)
[24/68] ok  tests/test_conversas_queue.py (33.3s rc=0)
[25/68] ok  tests/test_conversas_quick_replies.py (36.0s rc=0)
[26/68] ok  tests/test_conversas_tags.py (43.4s rc=0)
[27/68] ok  tests/test_conversas_smoke_seed.py (48.2s rc=0)
[28/68] ok  tests/test_conversas_tags_sync.py (47.3s rc=0)
[29/68] ok  tests/test_conversas_service_window.py (67.3s rc=0)
[30/68] ok  tests/test_conversas_template_curation.py (42.3s rc=0)
[31/68] ok  tests/test_conversas_template_param_map.py (44.6s rc=0)
[32/68] ok  tests/test_conversas_template_variables.py (47.2s rc=0)
[33/68] ok  tests/test_conversas_webhook.py (40.3s rc=0)
[34/68] ok  tests/test_conversas_webhook_hardening.py (46.4s rc=0)
[35/68] ok  tests/test_conversas_webhook_signature.py (30.9s rc=0)
[36/68] ok  tests/test_filter_normalization_and_backup.py (1.6s rc=0)
[37/68] ok  tests/test_frontend_injection_contract.py (2.4s rc=0)
[38/68] ok  tests/test_conversas_variables.py (88.2s rc=0)
[39/68] ok  tests/test_infra_compose_guard.py (0.2s rc=0)
[40/68] ok  tests/test_hub.py (15.0s rc=0)
[41/68] ok  tests/test_kanban_ui.py (0.6s rc=0)
[42/68] ok  tests/test_internal_tasks.py (19.7s rc=0)
[43/68] ok  tests/test_leads_destino_filter_dialect.py (3.2s rc=0)
[44/68] ok  tests/test_crm_authz_hardening.py (92.2s rc=0)
[45/68] ok  tests/test_data_integrity_constraints.py (97.8s rc=0)
[46/68] ok  tests/test_leads_deeplink_pinned.py (96.4s rc=0)
[47/68] ok  tests/test_leads_keyset_pagination.py (100.0s rc=0)
[48/68] ok  tests/test_leads_responsavel_atomic.py (95.7s rc=0)
[49/68] ok  tests/test_leads_segment_drift.py (92.7s rc=0)
[50/68] ok  tests/test_operational_ui_hardening.py (1.1s rc=0)
[51/68] ok  tests/test_notifications_ui.py (14.7s rc=0)
[52/68] ok  tests/test_n8n_contract_lead_update.py (94.2s rc=0)
[53/68] ok  tests/test_perpetua_pdf_generation.py (4.5s rc=0)
[54/68] ok  tests/test_pipeline_inline_lead_edit.py (2.4s rc=0)
[55/68] ok  tests/test_perpetua_internal_auth.py (97.3s rc=0)
[56/68] ok  tests/test_perf_query_count.py (100.1s rc=0)
[57/68] ok  tests/test_pipeline_target_clear.py (1.1s rc=0)
[58/68] ok  tests/test_pipeline_review_final.py (93.6s rc=0)
[59/68] ok  tests/test_postgres_dialect_divergence.py (18.0s rc=0)
[60/68] ok  tests/test_migration_m011.py (246.1s rc=0)
[61/68] ok  tests/test_render_templates.py (0.8s rc=0)
[62/68] ok  tests/test_secret_hygiene.py (1.8s rc=0)
[63/68] ok  tests/test_security_greps.py (0.3s rc=0)
[64/68] ok  tests/test_pipeline_target_highlight.py (93.7s rc=0)
[65/68] ok  tests/test_xss_crud_templates.py (0.9s rc=0)
[66/68] ok  tests/test_pipeline_stage_pagination.py (99.0s rc=0)
[67/68] ok  tests/test_rate_limit.py (74.8s rc=0)
[68/68] ok  tests/test_segments_sql_count.py (72.2s rc=0)

68/68 PASS
