[1/83] ok  tests/test_asset_cache_busting.py (5.2s rc=0)
[2/83] ok  tests/test_bna_agent_context_consistency.py (1.4s rc=0)
[3/83] ok  tests/test_backup_restore_e2e.py (21.1s rc=0)
[4/83] ok  tests/test_conversas_admin_role.py (25.7s rc=0)
[5/83] ok  tests/test_conversas_agent_silence.py (39.4s rc=0)
[6/83] ok  tests/test_conversas_agent_timeout.py (64.4s rc=0)
[7/83] ok  tests/test_auth_session_consistency.py (102.2s rc=0)
[8/83] ok  tests/test_conversas_assignment_notes.py (41.9s rc=0)
[9/83] ok  tests/test_ai_tool_hardening.py (102.5s rc=0)
[10/83] ok  tests/test_conversas_audio.py (38.4s rc=0)
[11/83] ok  tests/test_conversas_formatacao_mensagem.py (0.5s rc=0)
[12/83] ok  tests/test_conversas_followup_inatividade.py (36.1s rc=0)
[13/83] ok  tests/test_conversas_auth_hardening.py (39.5s rc=0)
[14/83] ok  tests/test_conversas_login_loop_guard.py (0.6s rc=0)
[15/83] ok  tests/test_conversas_auth_local.py (41.2s rc=0)
[16/83] ok  tests/test_conversas_hotfix_filters_resp.py (46.3s rc=0)
[17/83] ok  tests/test_conversas_inbox_filters.py (46.3s rc=0)
[18/83] ok  tests/test_conversas_media_foundation.py (42.9s rc=0)
[19/83] ok  tests/test_auth_hardening.py (199.9s rc=0)
[20/83] ok  tests/test_conversas_media_storage.py (56.3s rc=0)
[21/83] ok  tests/test_conversas_mobile_pwa.py (33.7s rc=0)
[22/83] ok  tests/test_conversas_media_types.py (42.6s rc=0)
[23/83] ok  tests/test_conversas_mobile_responsive_refinement.py (35.1s rc=0)
[24/83] ok  tests/test_conversas_notifications.py (35.0s rc=0)
[25/83] ok  tests/test_conversas_meta_resiliencia.py (53.2s rc=0)
[26/83] ok  tests/test_conversas_outbound.py (42.7s rc=0)
[27/83] ok  tests/test_conversas_security.py (0.3s rc=0)
[28/83] ok  tests/test_conversas_quick_replies.py (41.0s rc=0)
[29/83] ok  tests/test_conversas_queue.py (44.7s rc=0)
[30/83] ok  tests/test_conversas_outbound_integrity.py (65.3s rc=0)
[31/83] ok  tests/test_conversas_operational_state.py (89.8s rc=0)
[32/83] ok  tests/test_conversas_tags.py (47.3s rc=0)
[33/83] ok  tests/test_conversas_smoke_seed.py (56.0s rc=0)
[34/83] ok  tests/test_conversas_service_window.py (76.9s rc=0)
[35/83] ok  tests/test_conversas_tags_sync.py (53.4s rc=0)
[36/83] ok  tests/test_conversas_template_curation.py (48.4s rc=0)
[37/83] ok  tests/test_conversas_template_param_map.py (60.4s rc=0)
[38/83] ok  tests/test_conversas_template_variables.py (61.3s rc=0)
[39/83] ok  tests/test_conversas_webhook.py (50.8s rc=0)
[40/83] ok  tests/test_conversas_webhook_hardening.py (55.8s rc=0)
[41/83] ok  tests/test_filter_normalization_and_backup.py (3.6s rc=0)
[42/83] ok  tests/test_frontend_injection_contract.py (2.2s rc=0)
[43/83] ok  tests/test_conversas_webhook_signature.py (38.0s rc=0)
[44/83] ok  tests/test_infra_compose_guard.py (0.2s rc=0)
[45/83] ok  tests/test_hub.py (10.1s rc=0)
[46/83] ok  tests/test_kanban_ui.py (0.5s rc=0)
[47/83] ok  tests/test_internal_tasks.py (16.3s rc=0)
[48/83] ok  tests/test_conversas_variables.py (116.9s rc=0)
[49/83] ok  tests/test_leads_destino_filter_dialect.py (2.4s rc=0)
[50/83] ok  tests/test_crm_authz_hardening.py (118.8s rc=0)
[51/83] ok  tests/test_data_integrity_constraints.py (135.3s rc=0)
[52/83] ok  tests/test_lead_funnel_entry.py (117.6s rc=0)
[53/83] ok  tests/test_leads_deeplink_pinned.py (114.9s rc=0)
[54/83] ok  tests/test_leads_handoff_bridge.py (121.9s rc=0)
[55/83] ok  tests/test_migration_m009.py (18.2s rc=0)
[56/83] ok  tests/test_migration_m010.py (21.9s rc=0)
[57/83] ok  tests/test_leads_keyset_pagination.py (119.2s rc=0)
[58/83] ok  tests/test_leads_lookup_whatsapp.py (110.0s rc=0)
[59/83] ok  tests/test_leads_responsavel_atomic.py (111.1s rc=0)
[60/83] ok  tests/test_operational_ui_hardening.py (0.7s rc=0)
[61/83] ok  tests/test_notifications_ui.py (10.3s rc=0)
[62/83] ok  tests/test_leads_segment_drift.py (107.7s rc=0)
[63/83] ok  tests/test_perpetua_pdf_generation.py (3.5s rc=0)
[64/83] ok  tests/test_n8n_contract_lead_update.py (118.9s rc=0)
[65/83] ok  tests/test_pipeline_inline_lead_edit.py (2.2s rc=0)
[66/83] ok  tests/test_perpetua_internal_auth.py (122.5s rc=0)
[67/83] ok  tests/test_perf_query_count.py (124.4s rc=0)
[68/83] ok  tests/test_pipeline_target_clear.py (1.0s rc=0)
[69/83] ok  tests/test_pipeline_history_legado.py (118.1s rc=0)
[70/83] ok  tests/test_pipeline_ui_fixes.py (0.2s rc=0)
[71/83] ok  tests/test_postgres_dialect_divergence.py (15.8s rc=0)
[72/83] ok  tests/test_pipeline_review_final.py (109.6s rc=0)
[73/83] ok  tests/test_render_templates.py (0.6s rc=0)
[74/83] ok  tests/test_secret_hygiene.py (16.8s rc=0)
[75/83] ok  tests/test_security_greps.py (0.3s rc=0)
[76/83] ok  tests/test_segmentacao_ui_fix.py (0.2s rc=0)
[77/83] ok  tests/test_pipeline_target_highlight.py (121.9s rc=0)
[78/83] ok  tests/test_pipeline_stage_pagination.py (126.4s rc=0)
[79/83] ok  tests/test_xss_crud_templates.py (0.3s rc=0)
[80/83] ok  tests/test_migration_m011.py (291.1s rc=0)
[81/83] ok  tests/test_rate_limit.py (115.7s rc=0)
[82/83] ok  tests/test_segments_sql_count.py (92.7s rc=0)
[83/83] ok  tests/test_tags_delta.py (75.8s rc=0)

83/83 PASS
